// Jest Snapshot v1, https://goo.gl/fbAQLP

exports[`Pruebas en <Navbar /> debe de mostrarse correctamente 1`] = `
<ForwardRef(Box)
  sx={
    Object {
      "flexGrow": 1,
    }
  }
>
  <ForwardRef(AppBar)
    position="static"
  >
    <ForwardRef(Toolbar)>
      <ForwardRef(Typography)
        data-testid="title-app"
        style={
          Object {
            "color": "white",
            "textDecoration": "none",
          }
        }
        sx={
          Object {
            "flexGrow": 1,
          }
        }
        variant="h6"
      >
        Rick And Morty
      </ForwardRef(Typography)>
    </ForwardRef(Toolbar)>
  </ForwardRef(AppBar)>
</ForwardRef(Box)>
`;
